Microchip MPLAB XC8 Compiler V1.41 ()

Linker command line:

-W-3 --edf=C:\Program Files (x86)\Microchip\xc8\v1.41\dat\en_msgs.txt -cs \
  -h+dist/default/production\ServoCrossingSwitch.X.production.sym \
  --cmf=dist/default/production\ServoCrossingSwitch.X.production.cmf -z \
  -Q12F519 -oC:\Users\Ian\AppData\Local\Temp\sgrc.2 \
  -Mdist/default/production/ServoCrossingSwitch.X.production.map -E1 \
  -ver=XC8 -ASTACK=037h-03fh -pstack=STACK -ACODE=00h-01FFh,0200h-03FEh \
  -ASTRCODE=00h-03FEh -ASTRING=00h-0FFh,0200h-02FFh \
  -AENTRY=00h-0FFh-01FFh,0200h-02FFh-03FEh -ACOMMON=07h-0Fh \
  -ABANK0=010h-01Fh -ABANK1=030h-03Fh -ARAM=010h-01Fh,030h-03Fh \
  -AABS1=07h-01Fh,030h-03Fh -ASFR0=00h-0Fh -ASFR1=020h-02Fh \
  -preset_vec=03ffh,reset_wrap=0h,init,end_init,cinit,clrtext \
  -ppowerup=CODE -pfunctab=ENTRY -ACONFIG=0FFFh-0FFFh -pconfig=CONFIG \
  -DCONFIG=2 -AIDLOC=0440h-0443h -pidloc=IDLOC -DIDLOC=2 -pstrings=-STRING \
  -DCODE=2 -DSTRCODE=2 -DSTRING=2 -DCONST=2 -DENTRY=2 -k \
  C:\Users\Ian\AppData\Local\Temp\sgrc.obj \
  dist/default/production\ServoCrossingSwitch.X.production.obj 

Object code version is 3.11

Machine type is 12F519



                Name                               Link     Load   Length Selector   Space Scale
C:\Users\Ian\AppData\Local\Temp\sgrc.obj
                end_init                              0        0        2        0       0
                reset_vec                           3FF      3FF        1      7FE       0
                config                              FFF      FFF        1     1FFE       0
dist/default/production\ServoCrossingSwitch.X.production.obj
                cinit                                 2        2       10        0       0
                text7                               3C9      3C9        9      792       0
                text6                               3DD      3DD       22      7BA       0
                text5                               3D2      3D2        B      7A4       0
                text4                                26       26       11       4C       0
                text3                                EC       EC       79      1D8       0
                text2                               165      165       9B      2CA       0
                jmp_tab                              12       12        E        0       0
                text1                                37       37       3F       6E       0
                maintext                             76       76       76       EC       0
                cstackCOMMON                          7        7        1        7       1
                cstackBANK0                          10       10        A       10       1
                bssBANK1                             30       30        7       30       1
                bssBANK0                             1A       1A        4       10       1
                bitbssBANK0                          F0       1E        3       10       1     8
                bitnvBANK0                           F8       1F        1       10       1     8

TOTAL           Name                               Link     Load   Length     Space
        CLASS   STACK          

        CLASS   CODE           
                reset_vec                           3FF      3FF        1         0
                text7                               3C9      3C9        9         0
                text6                               3DD      3DD       22         0
                text5                               3D2      3D2        B         0
                text4                                26       26       11         0
                text3                                EC       EC       79         0
                text2                               165      165       9B         0
                text1                                37       37       3F         0
                maintext                             76       76       76         0

        CLASS   STRCODE        

        CLASS   STRING         

        CLASS   ENTRY          
                end_init                              0        0        2         0
                cinit                                 2        2       10         0
                jmp_tab                              12       12        E         0

        CLASS   COMMON         
                cstackCOMMON                          7        7        1         1

        CLASS   BANK0          
                cstackBANK0                          10       10        A         1
                bssBANK0                             1A       1A        4         1
                bitbssBANK0                          F0       1E        3         1
                bitnvBANK0                           F8       1F        1         1

        CLASS   BANK1          
                bssBANK1                             30       30        7         1

        CLASS   RAM            

        CLASS   ABS1           
                abs_s1                                8        8        8         1

        CLASS   SFR0           

        CLASS   SFR1           

        CLASS   CONFIG         
                config                              FFF      FFF        1         0

        CLASS   IDLOC          

        CLASS   CONST          



SEGMENTS        Name                           Load    Length   Top    Selector   Space  Class     Delta

                reset_wrap                     000000  000020  000020         0       0  ENTRY       2
                cstackCOMMON                   000007  000001  000008         7       1  COMMON      1
                cstackBANK0                    000010  000010  000020        10       1  BANK0       1
                bssBANK1                       000030  000007  000037        30       1  BANK1       1
                text4                          000026  000011  000037        4C       0  CODE        2
                text1                          000037  00003F  000076        6E       0  CODE        2
                maintext                       000076  000076  0000EC        EC       0  CODE        2
                text3                          0000EC  000079  000165       1D8       0  CODE        2
                text2                          000165  00009B  000200       2CA       0  CODE        2
                text7                          0003C9  000009  0003D2       792       0  CODE        2
                text5                          0003D2  00000B  0003DD       7A4       0  CODE        2
                text6                          0003DD  000022  0003FF       7BA       0  CODE        2
                reset_vec                      0003FF  000001  000400       7FE       0  CODE        2
                config                         000FFF  000001  001000      1FFE       0  CONFIG      2


UNUSED ADDRESS RANGES

        Name                Unused          Largest block    Delta
        BANK1            0037-003F              9           1
        CODE             0020-0025              6           2
                         0200-03C8            1C9
        ENTRY            0020-0025              6           2
                         0200-02FF+00C9        100
        IDLOC            0440-0443              4           2
        RAM              0037-003F              9           1
        SFR0             0000-0006              7           1
        SFR1             0020-002F             10           1
        STACK            0037-003F              9           1
        STRCODE          0020-0025              6           2
                         0200-03C8            1C9
        STRING           0020-0025              6           2
                         0200-02FF            100

                                  Symbol Table

?_measurePw              cstackCOMMON 0007
?_readNVM                cstackBANK0  0010
_EEADR                   (abs)        0026
_EECONbits               (abs)        0021
_EEDATA                  (abs)        0025
_ErrorState              bitbssBANK0  00F2
_ErrorStateCount         bssBANK1     0036
_NoSigState              bitbssBANK0  00F0
_OPTION                  (abs)        0000
_PORTB                   (abs)        0006
_PortValue               bssBANK1     0035
_PwDiff2                 bssBANK0     001B
_PwMidpos                bssBANK0     001A
_PwNow                   bssBANK0     001D
_PwSaved                 bssBANK0     001C
_PwThreshold             bssBANK1     0030
_RB0                     (abs)        0030
_RB1                     (abs)        0031
_RB2                     (abs)        0032
_RB3                     (abs)        0033
_RelayState              bitnvBANK0   00F8
_SetupState              bitbssBANK0  00F1
_TMR0                    (abs)        0001
_TRIS                    (abs)        0006
__CFG_CP$OFF             (abs)        0000
__CFG_CPDF$OFF           (abs)        0000
__CFG_FOSC$INTRC         (abs)        0000
__CFG_IOSCFS$4MHz        (abs)        0000
__CFG_MCLRE$OFF          (abs)        0000
__CFG_WDTE$OFF           (abs)        0000
__Habs1                  abs1         0000
__Hbank0                 bank0        0000
__Hbank1                 bank1        0000
__HbitbssBANK0           bitbssBANK0  0000
__HbitnvBANK0            bitnvBANK0   0000
__HbssBANK0              bssBANK0     0000
__HbssBANK1              bssBANK1     0000
__Hcinit                 cinit        0012
__Hclrtext               clrtext      0012
__Hcode                  code         0000
__Hcommon                common       0000
__Hconfig                config       1000
__HcstackBANK0           cstackBANK0  0000
__HcstackCOMMON          cstackCOMMON 0000
__Hend_init              end_init     0002
__Hfunctab               functab      0000
__Hidloc                 idloc        0000
__Hinit                  init         0000
__Hjmp_tab               jmp_tab      0000
__Hmaintext              maintext     0000
__Hpowerup               powerup      0000
__Hram                   ram          0000
__Hreset_vec             reset_vec    0400
__Hreset_wrap            reset_wrap   0000
__Hsfr0                  sfr0         0000
__Hsfr1                  sfr1         0000
__Hspace_0               (abs)        1000
__Hspace_1               (abs)        00F9
__Hspace_2               (abs)        0000
__Hstack                 stack        0000
__Hstrings               strings      0000
__Htext                  text         0000
__Labs1                  abs1         0000
__Lbank0                 bank0        0000
__Lbank1                 bank1        0000
__LbitbssBANK0           bitbssBANK0  0000
__LbitnvBANK0            bitnvBANK0   0000
__LbssBANK0              bssBANK0     0000
__LbssBANK1              bssBANK1     0000
__Lcinit                 cinit        0002
__Lclrtext               clrtext      0012
__Lcode                  code         0000
__Lcommon                common       0000
__Lconfig                config       0FFF
__LcstackBANK0           cstackBANK0  0000
__LcstackCOMMON          cstackCOMMON 0000
__Lend_init              end_init     0000
__Lfunctab               functab      0000
__Lidloc                 idloc        0000
__Linit                  init         0000
__Ljmp_tab               jmp_tab      0000
__Lmaintext              maintext     0000
__Lpowerup               powerup      0000
__Lram                   ram          0000
__Lreset_vec             reset_vec    03FF
__Lreset_wrap            reset_wrap   0000
__Lsfr0                  sfr0         0000
__Lsfr1                  sfr1         0000
__Lspace_0               (abs)        0000
__Lspace_1               (abs)        0000
__Lspace_2               (abs)        0000
__Lstack                 stack        0000
__Lstrings               strings      0000
__Ltext                  text         0000
__S0                     (abs)        1000
__S1                     (abs)        0037
__S2                     (abs)        0000
___int_sp                stack        0000
___latbits               (abs)        0001
___sp                    stack        0000
__end_of__initialization cinit        000F
__end_of_initDevice      text6        03FF
__end_of_main            maintext     00EC
__end_of_measurePw       text5        03DD
__end_of_procSetupMode   text3        0165
__end_of_readNVM         text7        03D2
__end_of_setLED          text2        0200
__end_of_setRelay        text1        0076
__end_of_writeNVM        text4        0037
__initialization         cinit        0002
__pbitbssBANK0           bitbssBANK0  00F0
__pbitnvBANK0            bitnvBANK0   00F8
__pbssBANK0              bssBANK0     001A
__pbssBANK1              bssBANK1     0030
__pcstackBANK0           cstackBANK0  0010
__pcstackCOMMON          cstackCOMMON 0007
__pjmp_tab               jmp_tab      0012
__pmaintext              maintext     0076
__ptext1                 text1        0037
__ptext2                 text2        0165
__ptext3                 text3        00EC
__ptext4                 text4        0026
__ptext5                 text5        03D2
__ptext6                 text6        03DD
__ptext7                 text7        03C9
__size_of_initDevice     (abs)        0000
__size_of_main           (abs)        0000
__size_of_measurePw      (abs)        0000
__size_of_procSetupMode  (abs)        0000
__size_of_readNVM        (abs)        0000
__size_of_setLED         (abs)        0000
__size_of_setRelay       (abs)        0000
__size_of_writeNVM       (abs)        0000
_initDevice              text6        03DD
_initDevice$89           cstackBANK0  0013
_main                    maintext     0076
_measurePw               text5        03D2
_procSetupMode           text3        00EC
_procSetupMode$86        cstackBANK0  0014
_readNVM                 text7        03C9
_setLED                  text2        0165
_setLED$80               cstackBANK0  0011
_setLED$81               cstackBANK0  0012
_setLED$82               cstackBANK0  0013
_setLED$83               cstackBANK0  0014
_setRelay                text1        0037
_setRelay$74             cstackBANK0  0013
_writeNVM                text4        0026
btemp                    (abs)        0008
end_of_initialization    cinit        000F
entry__initDevice        jmp_tab      001C
entry__measurePw         jmp_tab      001A
entry__procSetupMode     jmp_tab      0016
entry__readNVM           jmp_tab      001E
entry__setLED            jmp_tab      0014
entry__setRelay          jmp_tab      0012
entry__writeNVM          jmp_tab      0018
ltemp0                   (abs)        0008
ltemp1                   (abs)        000C
ltemp3                   (abs)        000A
main@LowCount            cstackBANK0  0018
procSetupMode@Debounce   bssBANK1     0032
readNVM@Addr             cstackCOMMON 0007
reset_vec                reset_vec    03FF
setLED@LedBeat           bssBANK1     0033
setLED@LedCycleCount     bssBANK1     0034
setLED@LedMode           cstackBANK0  0010
setRelay@RelayBit        cstackBANK0  0015
stackhi                  (abs)        0000
stacklo                  (abs)        0000
start                    init         0000
start_initialization     cinit        0002
ttemp0                   (abs)        0008
ttemp1                   (abs)        000B
writeNVM@Addr            cstackBANK0  0010
writeNVM@Data            cstackCOMMON 0007
wtemp0                   (abs)        0008
wtemp1                   (abs)        000A
wtemp2                   (abs)        000C
wtemp3                   (abs)        000E


FUNCTION INFORMATION:

 *************** function _main *****************
 Defined at:
		line 189 in file "../ServoCrossingSwitch_12F519_v20.c"
 Parameters:    Size  Location     Type
		None
 Auto vars:     Size  Location     Type
  LowCount        2    8[BANK0 ] unsigned int 
 Return value:  Size  Location     Type
                  1  130[None  ] void 
 Registers used:
		wreg, fsr0l, fsr0h, status,2, status,0, btemp+0, btemp+6, btemp+7, pclath, cstack
 Tracked objects:
		On entry : 
		On exit  : 
		Unchanged: 
 Data sizes:     COMMON   BANK0   BANK1
      Params:         0       0       0
      Locals:         0       2       0
      Temps:          0       2       0
      Totals:         0       4       0
Total ram usage:        4 bytes
 Hardware stack levels required when called:    2
 This function calls:
		_initDevice
		_measurePw
		_procSetupMode
		_readNVM
		_setLED
		_setRelay
		_writeNVM
 This function is called by:
		Startup code after reset
 This function uses a non-reentrant model


 *************** function _setRelay *****************
 Defined at:
		line 102 in file "../ServoCrossingSwitch_12F519_v20.c"
 Parameters:    Size  Location     Type
  RelayBit        1    wreg     unsigned char 
 Auto vars:     Size  Location     Type
  RelayBit        1    5[BANK0 ] unsigned char 
 Return value:  Size  Location     Type
                  1   62[None  ] void 
 Registers used:
		wreg, fsr0l, fsr0h, status,2, status,0, btemp+6, btemp+7, pclath, cstack
 Tracked objects:
		On entry : 
		On exit  : 
		Unchanged: 
 Data sizes:     COMMON   BANK0   BANK1
      Params:         0       0       0
      Locals:         0       3       0
      Temps:          0       2       0
      Totals:         0       5       0
Total ram usage:        5 bytes
 Hardware stack levels used:    1
 Hardware stack levels required when called:    1
 This function calls:
		_writeNVM
 This function is called by:
		_main
 This function uses a non-reentrant model


 *************** function _setLED *****************
 Defined at:
		line 114 in file "../ServoCrossingSwitch_12F519_v20.c"
 Parameters:    Size  Location     Type
  LedMode         1    wreg     unsigned char 
 Auto vars:     Size  Location     Type
  LedMode         1    0[BANK0 ] unsigned char 
 Return value:  Size  Location     Type
                  1   70[None  ] void 
 Registers used:
		wreg, fsr0l, fsr0h, status,2, status,0, btemp+7
 Tracked objects:
		On entry : 
		On exit  : 
		Unchanged: 
 Data sizes:     COMMON   BANK0   BANK1
      Params:         0       0       0
      Locals:         0       5       0
      Temps:          0       0       0
      Totals:         0       5       0
Total ram usage:        5 bytes
 Hardware stack levels used:    1
 This function calls:
		Nothing
 This function is called by:
		_main
 This function uses a non-reentrant model


 *************** function _procSetupMode *****************
 Defined at:
		line 143 in file "../ServoCrossingSwitch_12F519_v20.c"
 Parameters:    Size  Location     Type
		None
 Auto vars:     Size  Location     Type
		None
 Return value:  Size  Location     Type
                  1  104[None  ] void 
 Registers used:
		wreg, fsr0l, fsr0h, status,2, status,0, btemp+0, btemp+6, btemp+7, pclath, cstack
 Tracked objects:
		On entry : 
		On exit  : 
		Unchanged: 
 Data sizes:     COMMON   BANK0   BANK1
      Params:         0       0       0
      Locals:         0       2       0
      Temps:          0       3       0
      Totals:         0       5       0
Total ram usage:        5 bytes
 Hardware stack levels used:    1
 Hardware stack levels required when called:    1
 This function calls:
		_writeNVM
 This function is called by:
		_main
 This function uses a non-reentrant model


 *************** function _writeNVM *****************
 Defined at:
		line 71 in file "../ServoCrossingSwitch_12F519_v20.c"
 Parameters:    Size  Location     Type
  Addr            1    wreg     unsigned char 
  Data            1    0[COMMON] unsigned char 
 Auto vars:     Size  Location     Type
  Addr            1    0[BANK0 ] unsigned char 
 Return value:  Size  Location     Type
                  1    0[COMMON] void 
 Registers used:
		wreg, fsr0l, fsr0h
 Tracked objects:
		On entry : 
		On exit  : 
		Unchanged: 
 Data sizes:     COMMON   BANK0   BANK1
      Params:         1       0       0
      Locals:         0       1       0
      Temps:          0       0       0
      Totals:         1       1       0
Total ram usage:        2 bytes
 Hardware stack levels used:    1
 This function calls:
		Nothing
 This function is called by:
		_setRelay
		_procSetupMode
		_main
 This function uses a non-reentrant model


 *************** function _measurePw *****************
 Defined at:
		line 83 in file "../ServoCrossingSwitch_12F519_v20.c"
 Parameters:    Size  Location     Type
		None
 Auto vars:     Size  Location     Type
		None
 Return value:  Size  Location     Type
                  1    0[COMMON] unsigned char 
 Registers used:
		wreg, fsr0l, fsr0h, status,2
 Tracked objects:
		On entry : 
		On exit  : 
		Unchanged: 
 Data sizes:     COMMON   BANK0   BANK1
      Params:         1       0       0
      Locals:         0       0       0
      Temps:          0       0       0
      Totals:         1       0       0
Total ram usage:        1 bytes
 Hardware stack levels used:    1
 This function calls:
		Nothing
 This function is called by:
		_main
 This function uses a non-reentrant model


 *************** function _initDevice *****************
 Defined at:
		line 179 in file "../ServoCrossingSwitch_12F519_v20.c"
 Parameters:    Size  Location     Type
		None
 Auto vars:     Size  Location     Type
		None
 Return value:  Size  Location     Type
                  1  123[None  ] void 
 Registers used:
		wreg, fsr0l, fsr0h, status,2, pclath, cstack
 Tracked objects:
		On entry : 
		On exit  : 
		Unchanged: 
 Data sizes:     COMMON   BANK0   BANK1
      Params:         0       0       0
      Locals:         0       2       0
      Temps:          0       1       0
      Totals:         0       3       0
Total ram usage:        3 bytes
 Hardware stack levels used:    1
 Hardware stack levels required when called:    1
 This function calls:
		_readNVM
 This function is called by:
		_main
 This function uses a non-reentrant model


 *************** function _readNVM *****************
 Defined at:
		line 64 in file "../ServoCrossingSwitch_12F519_v20.c"
 Parameters:    Size  Location     Type
  Addr            1    wreg     unsigned char 
 Auto vars:     Size  Location     Type
  Addr            1    0[COMMON] unsigned char 
 Return value:  Size  Location     Type
                  1    0[BANK0 ] unsigned char 
 Registers used:
		wreg, fsr0l, fsr0h
 Tracked objects:
		On entry : 
		On exit  : 
		Unchanged: 
 Data sizes:     COMMON   BANK0   BANK1
      Params:         0       2       0
      Locals:         1       0       0
      Temps:          0       0       0
      Totals:         1       2       0
Total ram usage:        3 bytes
 Hardware stack levels used:    1
 This function calls:
		Nothing
 This function is called by:
		_initDevice
		_main
 This function uses a non-reentrant model



MODULE INFORMATION

Module		Function		Class		Link	Load	Size
../ServoCrossingSwitch_12F519_v20.c
		_readNVM       		CODE           	03C9	0000	10
		_setLED        		CODE           	0165	0000	156
		_main          		CODE           	0076	0000	119
		_measurePw     		CODE           	03D2	0000	12
		_writeNVM      		CODE           	0026	0000	18
		_initDevice    		CODE           	03DD	0000	35
		_setRelay      		CODE           	0037	0000	64
		_procSetupMode 		CODE           	00EC	0000	122

../ServoCrossingSwitch_12F519_v20.c estimated size: 536

shared
		__initialization		ENTRY          	0002	0000	14

shared estimated size: 14

